
> prashiskshan-backend@0.1.0 test
> node --experimental-vm-modules node_modules/jest/bin/jest.js --runInBand tests/unit/controllers/company-reappeal.test.js

  console.log
    [dotenv@17.2.3] injecting env (68) from .env -- tip: ≡ƒöæ add access controls to secrets: https://dotenvx.com/ops

      at _log (node_modules/dotenv/lib/main.js:142:11)

2025-12-01T16:05:06.347Z [[32minfo[39m] Firebase Admin initialized
node.exe : 
(node:3660) 
ExperimentalWarning: 
VM Modules is an 
experimental feature 
and might change at 
any time
At C:\Program Files\n
odejs\npm.ps1:29 
char:3
+   & $NODE_EXE 
$NPM_CLI_JS $args
+   ~~~~~~~~~~~~~~~~~
~~~~~~~~~~~~
    + CategoryInfo   
           : NotSpe  
  cified: ((node:3   
 660) Exp...nge a    
t any time:Strin    
g) [], RemoteExc    
eption
    + FullyQualified 
   ErrorId : Native  
  CommandError
 
(Use `node 
--trace-warnings 
...` to show where 
the warning was 
created)
FAIL tests/unit/contr
ollers/company-reappe
al.test.js (9.104 s)
  Company Controller 
- submitReappeal
    Property 2: 
Attachment Validation
      ├ù should 
reject invalid file 
type (2270 ms)
      ├ù should 
reject file larger 
than 10MB (610 ms)
    Property 3: 
Cooldown Enforcement
      ├ù should 
prevent submission 
if cooldown is 
active (590 ms)
      ├ù should 
allow submission if 
cooldown has expired 
(626 ms)
    Property 4: 
Duplicate Prevention
      ├ù should 
prevent submission 
if already in 
reappeal status (637 
ms)
      ├ù should 
prevent submission 
if company is not 
blocked (681 ms)

  ΓùÅ Company 
Controller - 
submitReappeal ΓÇ║ 
Property 2: 
Attachment 
Validation ΓÇ║ 
should reject 
invalid file type

    Tests cannot be 
nested. Test "should 
reject message 
longer than 2000 
characters" cannot 
run because it is 
nested within 
"should reject 
invalid file type".

    [0m [90m 35 
|[39m         
}[33m;[39m
     [90m 36 |[39m
    [31m[1m>[22m[
39m[90m 37 |[39m   
      
it([32m'should 
reject message 
longer than 2000 char
acters'[39m[33m,[3
9m [36masync[39m 
() [33m=>[39m {
     [90m    |[39m 
        
[31m[1m^[22m[39m
     [90m 38 |[39m 
            
req[33m.[39mbody 
[33m=[39m { 
message[33m:[39m [
32m'a'[39m[33m.[39
mrepeat([35m2001[39
m) }[33m;[39m
     [90m 39 |[39m 
            
[36mawait[39m submi
tReappeal(req[33m,[
39m res[33m,[39m 
next)[33m;[39m
     [90m 40 |[39m 
            expect(ne
xt)[33m.[39mtoHaveB
eenCalledWith(expect
[33m.[39mobjectConta
ining({ 
status[33m:[39m [3
5m400[39m[33m,[39m
 message[33m:[39m 
[32m'Reappeal 
message must be 
between 10 and 2000 
characters'[39m 
}))[33m;[39m[0m

      at 
eventHandler (node_mo
dules/jest-circus/bui
ld/jestAdapterInit.js
:145:44)
      at 
Object.<anonymous> (t
ests/unit/controllers
/company-reappeal.tes
t.js:37:9)

  ΓùÅ Company 
Controller - 
submitReappeal ΓÇ║ 
Property 2: 
Attachment 
Validation ΓÇ║ 
should reject 
invalid file type

    Tests cannot be 
nested. Test "should 
accept valid 
message" cannot run 
because it is nested 
within "should 
reject invalid file 
type".

    [0m [90m 41 
|[39m         
})[33m;[39m
     [90m 42 |[39m
    [31m[1m>[22m[
39m[90m 43 |[39m   
      
it([32m'should 
accept valid message'
[39m[33m,[39m 
[36masync[39m () 
[33m=>[39m {
     [90m    |[39m 
        
[31m[1m^[22m[39m
     [90m 44 |[39m 
            
req[33m.[39mbody 
[33m=[39m { 
message[33m:[39m 
[32m'This is a 
valid reappeal 
message.'[39m 
}[33m;[39m
     [90m 45 |[39m 
            
[36mawait[39m submi
tReappeal(req[33m,[
39m res[33m,[39m 
next)[33m;[39m
     [90m 46 |[39m 
            expect([
33mCompany[39m[33m.
[39mfindByIdAndUpdat
e)[33m.[39mtoHaveBe
enCalled()[33m;[39m
[0m

      at 
eventHandler (node_mo
dules/jest-circus/bui
ld/jestAdapterInit.js
:145:44)
      at 
Object.<anonymous> (t
ests/unit/controllers
/company-reappeal.tes
t.js:43:9)

  ΓùÅ Company 
Controller - 
submitReappeal ΓÇ║ 
Property 2: 
Attachment 
Validation ΓÇ║ 
should reject file 
larger than 10MB

    Tests cannot be 
nested. Test "should 
reject message 
longer than 2000 
characters" cannot 
run because it is 
nested within 
"should reject file 
larger than 10MB".

    [0m [90m 35 
|[39m         
}[33m;[39m
     [90m 36 |[39m
    [31m[1m>[22m[
39m[90m 37 |[39m   
      
it([32m'should 
reject message 
longer than 2000 char
acters'[39m[33m,[3
9m [36masync[39m 
() [33m=>[39m {
     [90m    |[39m 
        
[31m[1m^[22m[39m
     [90m 38 |[39m 
            
req[33m.[39mbody 
[33m=[39m { 
message[33m:[39m [
32m'a'[39m[33m.[39
mrepeat([35m2001[39
m) }[33m;[39m
     [90m 39 |[39m 
            
[36mawait[39m submi
tReappeal(req[33m,[
39m res[33m,[39m 
next)[33m;[39m
     [90m 40 |[39m 
            expect(ne
xt)[33m.[39mtoHaveB
eenCalledWith(expect
[33m.[39mobjectConta
ining({ 
status[33m:[39m [3
5m400[39m[33m,[39m
 message[33m:[39m 
[32m'Reappeal 
message must be 
between 10 and 2000 
characters'[39m 
}))[33m;[39m[0m

      at 
eventHandler (node_mo
dules/jest-circus/bui
ld/jestAdapterInit.js
:145:44)
      at 
Object.<anonymous> (t
ests/unit/controllers
/company-reappeal.tes
t.js:37:9)

  ΓùÅ Company 
Controller - 
submitReappeal ΓÇ║ 
Property 2: 
Attachment 
Validation ΓÇ║ 
should reject file 
larger than 10MB

    Tests cannot be 
nested. Test "should 
accept valid 
message" cannot run 
because it is nested 
within "should 
reject file larger 
than 10MB".

    [0m [90m 41 
|[39m         
})[33m;[39m
     [90m 42 |[39m
    [31m[1m>[22m[
39m[90m 43 |[39m   
      
it([32m'should 
accept valid message'
[39m[33m,[39m 
[36masync[39m () 
[33m=>[39m {
     [90m    |[39m 
        
[31m[1m^[22m[39m
     [90m 44 |[39m 
            
req[33m.[39mbody 
[33m=[39m { 
message[33m:[39m 
[32m'This is a 
valid reappeal 
message.'[39m 
}[33m;[39m
     [90m 45 |[39m 
            
[36mawait[39m submi
tReappeal(req[33m,[
39m res[33m,[39m 
next)[33m;[39m
     [90m 46 |[39m 
            expect([
33mCompany[39m[33m.
[39mfindByIdAndUpdat
e)[33m.[39mtoHaveBe
enCalled()[33m;[39m
[0m

      at 
eventHandler (node_mo
dules/jest-circus/bui
ld/jestAdapterInit.js
:145:44)
      at 
Object.<anonymous> (t
ests/unit/controllers
/company-reappeal.tes
t.js:43:9)

  ΓùÅ Company 
Controller - 
submitReappeal ΓÇ║ 
Property 3: Cooldown 
Enforcement ΓÇ║ 
should prevent 
submission if 
cooldown is active

    Tests cannot be 
nested. Test "should 
reject message 
longer than 2000 
characters" cannot 
run because it is 
nested within 
"should prevent 
submission if 
cooldown is active".

    [0m [90m 35 
|[39m         
}[33m;[39m
     [90m 36 |[39m
    [31m[1m>[22m[
39m[90m 37 |[39m   
      
it([32m'should 
reject message 
longer than 2000 char
acters'[39m[33m,[3
9m [36masync[39m 
() [33m=>[39m {
     [90m    |[39m 
        
[31m[1m^[22m[39m
     [90m 38 |[39m 
            
req[33m.[39mbody 
[33m=[39m { 
message[33m:[39m [
32m'a'[39m[33m.[39
mrepeat([35m2001[39
m) }[33m;[39m
     [90m 39 |[39m 
            
[36mawait[39m submi
tReappeal(req[33m,[
39m res[33m,[39m 
next)[33m;[39m
     [90m 40 |[39m 
            expect(ne
xt)[33m.[39mtoHaveB
eenCalledWith(expect
[33m.[39mobjectConta
ining({ 
status[33m:[39m [3
5m400[39m[33m,[39m
 message[33m:[39m 
[32m'Reappeal 
message must be 
between 10 and 2000 
characters'[39m 
}))[33m;[39m[0m

      at 
eventHandler (node_mo
dules/jest-circus/bui
ld/jestAdapterInit.js
:145:44)
      at 
Object.<anonymous> (t
ests/unit/controllers
/company-reappeal.tes
t.js:37:9)

  ΓùÅ Company 
Controller - 
submitReappeal ΓÇ║ 
Property 3: Cooldown 
Enforcement ΓÇ║ 
should prevent 
submission if 
cooldown is active

    Tests cannot be 
nested. Test "should 
accept valid 
message" cannot run 
because it is nested 
within "should 
prevent submission 
if cooldown is 
active".

    [0m [90m 41 
|[39m         
})[33m;[39m
     [90m 42 |[39m
    [31m[1m>[22m[
39m[90m 43 |[39m   
      
it([32m'should 
accept valid message'
[39m[33m,[39m 
[36masync[39m () 
[33m=>[39m {
     [90m    |[39m 
        
[31m[1m^[22m[39m
     [90m 44 |[39m 
            
req[33m.[39mbody 
[33m=[39m { 
message[33m:[39m 
[32m'This is a 
valid reappeal 
message.'[39m 
}[33m;[39m
     [90m 45 |[39m 
            
[36mawait[39m submi
tReappeal(req[33m,[
39m res[33m,[39m 
next)[33m;[39m
     [90m 46 |[39m 
            expect([
33mCompany[39m[33m.
[39mfindByIdAndUpdat
e)[33m.[39mtoHaveBe
enCalled()[33m;[39m
[0m

      at 
eventHandler (node_mo
dules/jest-circus/bui
ld/jestAdapterInit.js
:145:44)
      at 
Object.<anonymous> (t
ests/unit/controllers
/company-reappeal.tes
t.js:43:9)

  ΓùÅ Company 
Controller - 
submitReappeal ΓÇ║ 
Property 3: Cooldown 
Enforcement ΓÇ║ 
should allow 
submission if 
cooldown has expired

    Tests cannot be 
nested. Test "should 
reject message 
longer than 2000 
characters" cannot 
run because it is 
nested within 
"should allow 
submission if 
cooldown has 
expired".

    [0m [90m 35 
|[39m         
}[33m;[39m
     [90m 36 |[39m
    [31m[1m>[22m[
39m[90m 37 |[39m   
      
it([32m'should 
reject message 
longer than 2000 char
acters'[39m[33m,[3
9m [36masync[39m 
() [33m=>[39m {
     [90m    |[39m 
        
[31m[1m^[22m[39m
     [90m 38 |[39m 
            
req[33m.[39mbody 
[33m=[39m { 
message[33m:[39m [
32m'a'[39m[33m.[39
mrepeat([35m2001[39
m) }[33m;[39m
     [90m 39 |[39m 
            
[36mawait[39m submi
tReappeal(req[33m,[
39m res[33m,[39m 
next)[33m;[39m
     [90m 40 |[39m 
            expect(ne
xt)[33m.[39mtoHaveB
eenCalledWith(expect
[33m.[39mobjectConta
ining({ 
status[33m:[39m [3
5m400[39m[33m,[39m
 message[33m:[39m 
[32m'Reappeal 
message must be 
between 10 and 2000 
characters'[39m 
}))[33m;[39m[0m

      at 
eventHandler (node_mo
dules/jest-circus/bui
ld/jestAdapterInit.js
:145:44)
      at 
Object.<anonymous> (t
ests/unit/controllers
/company-reappeal.tes
t.js:37:9)

  ΓùÅ Company 
Controller - 
submitReappeal ΓÇ║ 
Property 3: Cooldown 
Enforcement ΓÇ║ 
should allow 
submission if 
cooldown has expired

    Tests cannot be 
nested. Test "should 
accept valid 
message" cannot run 
because it is nested 
within "should allow 
submission if 
cooldown has 
expired".

    [0m [90m 41 
|[39m         
})[33m;[39m
     [90m 42 |[39m
    [31m[1m>[22m[
39m[90m 43 |[39m   
      
it([32m'should 
accept valid message'
[39m[33m,[39m 
[36masync[39m () 
[33m=>[39m {
     [90m    |[39m 
        
[31m[1m^[22m[39m
     [90m 44 |[39m 
            
req[33m.[39mbody 
[33m=[39m { 
message[33m:[39m 
[32m'This is a 
valid reappeal 
message.'[39m 
}[33m;[39m
     [90m 45 |[39m 
            
[36mawait[39m submi
tReappeal(req[33m,[
39m res[33m,[39m 
next)[33m;[39m
     [90m 46 |[39m 
            expect([
33mCompany[39m[33m.
[39mfindByIdAndUpdat
e)[33m.[39mtoHaveBe
enCalled()[33m;[39m
[0m

      at 
eventHandler (node_mo
dules/jest-circus/bui
ld/jestAdapterInit.js
:145:44)
      at 
Object.<anonymous> (t
ests/unit/controllers
/company-reappeal.tes
t.js:43:9)

  ΓùÅ Company 
Controller - 
submitReappeal ΓÇ║ 
Property 4: 
Duplicate Prevention 
ΓÇ║ should prevent 
submission if 
already in reappeal 
status

    Tests cannot be 
nested. Test "should 
reject message 
longer than 2000 
characters" cannot 
run because it is 
nested within 
"should prevent 
submission if 
already in reappeal 
status".

    [0m [90m 35 
|[39m         
}[33m;[39m
     [90m 36 |[39m
    [31m[1m>[22m[
39m[90m 37 |[39m   
      
it([32m'should 
reject message 
longer than 2000 char
acters'[39m[33m,[3
9m [36masync[39m 
() [33m=>[39m {
     [90m    |[39m 
        
[31m[1m^[22m[39m
     [90m 38 |[39m 
            
req[33m.[39mbody 
[33m=[39m { 
message[33m:[39m [
32m'a'[39m[33m.[39
mrepeat([35m2001[39
m) }[33m;[39m
     [90m 39 |[39m 
            
[36mawait[39m submi
tReappeal(req[33m,[
39m res[33m,[39m 
next)[33m;[39m
     [90m 40 |[39m 
            expect(ne
xt)[33m.[39mtoHaveB
eenCalledWith(expect
[33m.[39mobjectConta
ining({ 
status[33m:[39m [3
5m400[39m[33m,[39m
 message[33m:[39m 
[32m'Reappeal 
message must be 
between 10 and 2000 
characters'[39m 
}))[33m;[39m[0m

      at 
eventHandler (node_mo
dules/jest-circus/bui
ld/jestAdapterInit.js
:145:44)
      at 
Object.<anonymous> (t
ests/unit/controllers
/company-reappeal.tes
t.js:37:9)

  ΓùÅ Company 
Controller - 
submitReappeal ΓÇ║ 
Property 4: 
Duplicate Prevention 
ΓÇ║ should prevent 
submission if 
already in reappeal 
status

    Tests cannot be 
nested. Test "should 
accept valid 
message" cannot run 
because it is nested 
within "should 
prevent submission 
if already in 
reappeal status".

    [0m [90m 41 
|[39m         
})[33m;[39m
     [90m 42 |[39m
    [31m[1m>[22m[
39m[90m 43 |[39m   
      
it([32m'should 
accept valid message'
[39m[33m,[39m 
[36masync[39m () 
[33m=>[39m {
     [90m    |[39m 
        
[31m[1m^[22m[39m
     [90m 44 |[39m 
            
req[33m.[39mbody 
[33m=[39m { 
message[33m:[39m 
[32m'This is a 
valid reappeal 
message.'[39m 
}[33m;[39m
     [90m 45 |[39m 
            
[36mawait[39m submi
tReappeal(req[33m,[
39m res[33m,[39m 
next)[33m;[39m
     [90m 46 |[39m 
            expect([
33mCompany[39m[33m.
[39mfindByIdAndUpdat
e)[33m.[39mtoHaveBe
enCalled()[33m;[39m
[0m

      at 
eventHandler (node_mo
dules/jest-circus/bui
ld/jestAdapterInit.js
:145:44)
      at 
Object.<anonymous> (t
ests/unit/controllers
/company-reappeal.tes
t.js:43:9)

  ΓùÅ Company 
Controller - 
submitReappeal ΓÇ║ 
Property 4: 
Duplicate Prevention 
ΓÇ║ should prevent 
submission if 
company is not 
blocked

    Tests cannot be 
nested. Test "should 
reject message 
longer than 2000 
characters" cannot 
run because it is 
nested within 
"should prevent 
submission if 
company is not 
blocked".

    [0m [90m 35 
|[39m         
}[33m;[39m
     [90m 36 |[39m
    [31m[1m>[22m[
39m[90m 37 |[39m   
      
it([32m'should 
reject message 
longer than 2000 char
acters'[39m[33m,[3
9m [36masync[39m 
() [33m=>[39m {
     [90m    |[39m 
        
[31m[1m^[22m[39m
     [90m 38 |[39m 
            
req[33m.[39mbody 
[33m=[39m { 
message[33m:[39m [
32m'a'[39m[33m.[39
mrepeat([35m2001[39
m) }[33m;[39m
     [90m 39 |[39m 
            
[36mawait[39m submi
tReappeal(req[33m,[
39m res[33m,[39m 
next)[33m;[39m
     [90m 40 |[39m 
            expect(ne
xt)[33m.[39mtoHaveB
eenCalledWith(expect
[33m.[39mobjectConta
ining({ 
status[33m:[39m [3
5m400[39m[33m,[39m
 message[33m:[39m 
[32m'Reappeal 
message must be 
between 10 and 2000 
characters'[39m 
}))[33m;[39m[0m

      at 
eventHandler (node_mo
dules/jest-circus/bui
ld/jestAdapterInit.js
:145:44)
      at 
Object.<anonymous> (t
ests/unit/controllers
/company-reappeal.tes
t.js:37:9)

  ΓùÅ Company 
Controller - 
submitReappeal ΓÇ║ 
Property 4: 
Duplicate Prevention 
ΓÇ║ should prevent 
submission if 
company is not 
blocked

    Tests cannot be 
nested. Test "should 
accept valid 
message" cannot run 
because it is nested 
within "should 
prevent submission 
if company is not 
blocked".

    [0m [90m 41 
|[39m         
})[33m;[39m
     [90m 42 |[39m
    [31m[1m>[22m[
39m[90m 43 |[39m   
      
it([32m'should 
accept valid message'
[39m[33m,[39m 
[36masync[39m () 
[33m=>[39m {
     [90m    |[39m 
        
[31m[1m^[22m[39m
     [90m 44 |[39m 
            
req[33m.[39mbody 
[33m=[39m { 
message[33m:[39m 
[32m'This is a 
valid reappeal 
message.'[39m 
}[33m;[39m
     [90m 45 |[39m 
            
[36mawait[39m submi
tReappeal(req[33m,[
39m res[33m,[39m 
next)[33m;[39m
     [90m 46 |[39m 
            expect([
33mCompany[39m[33m.
[39mfindByIdAndUpdat
e)[33m.[39mtoHaveBe
enCalled()[33m;[39m
[0m

      at 
eventHandler (node_mo
dules/jest-circus/bui
ld/jestAdapterInit.js
:145:44)
      at 
Object.<anonymous> (t
ests/unit/controllers
/company-reappeal.tes
t.js:43:9)

Test Suites: 1 
failed, 1 total
Tests:       6 
failed, 6 total
Snapshots:   0 total
Time:        9.333 s
Ran all test suites 
matching tests/unit/c
ontrollers/company-re
appeal.test.js.
